// Jest Snapshot v1, https://goo.gl/fbAQLP

exports[`Button Component Should render to match snapshot 1`] = `
<View
  style={
    {
      "alignItems": "center",
      "backgroundColor": "#f4b5a4",
      "borderBottomLeftRadius": 50,
      "borderBottomRightRadius": 50,
      "borderBottomWidth": 0,
      "borderLeftWidth": 0,
      "borderRightWidth": 0,
      "borderStyle": "solid",
      "borderTopLeftRadius": 50,
      "borderTopRightRadius": 50,
      "borderTopWidth": 0,
      "flexDirection": "row",
      "gap": 10,
      "height": 41,
      "justifyContent": "center",
      "opacity": 1,
      "width": "100%",
    }
  }
>
  <View
    accessibilityState={
      {
        "busy": undefined,
        "checked": undefined,
        "disabled": undefined,
        "expanded": undefined,
        "selected": undefined,
      }
    }
    accessibilityValue={
      {
        "max": undefined,
        "min": undefined,
        "now": undefined,
        "text": undefined,
      }
    }
    accessible={true}
    collapsable={false}
    focusable={true}
    onClick={[Function]}
    onResponderGrant={[Function]}
    onResponderMove={[Function]}
    onResponderRelease={[Function]}
    onResponderTerminate={[Function]}
    onResponderTerminationRequest={[Function]}
    onStartShouldSetResponder={[Function]}
    style={
      {
        "opacity": 1,
      }
    }
  >
    <Text
      style={
        {
          "color": "#cc7862",
          "fontFamily": "PoppinsBold",
          "fontSize": 15,
          "lineHeight": 21,
          "textDecorationLine": "none",
        }
      }
      suppressHighlighting={true}
    />
  </View>
</View>
`;
