// Jest Snapshot v1, https://goo.gl/fbAQLP

exports[`Text Component Should render to match snapshot 1`] = `
<Text
  style={
    {
      "color": {
        "dynamic": {
          "dark": "#f4b5a4",
          "light": "#f4b5a4",
        },
      },
      "fontFamily": "PoppinsRegular",
      "fontSize": "$4",
      "lineHeight": 17,
      "textDecorationLine": "none",
    }
  }
  suppressHighlighting={true}
/>
`;
