// Jest Snapshot v1, https://goo.gl/fbAQLP

exports[`Input Component Should render to match snapshot 1`] = `
<View
  style={[]}
>
  <TextInput
    aria-label=""
    focusVisibleStyle={{}}
    focusable={true}
    id="test-input"
    onBlur={[Function]}
    onChangeText={[Function]}
    onFocus={[Function]}
    placeholder=""
    placeholderTextColor={
      {
        "dynamic": {
          "dark": "#c0c0c0",
          "light": "#c0c0c0",
        },
      }
    }
    readOnly={false}
    style={
      {
        "backgroundColor": {
          "dynamic": {
            "dark": "#f0e1d2",
            "light": "#f0e1d2",
          },
        },
        "borderBottomLeftRadius": 50,
        "borderBottomRightRadius": 50,
        "borderBottomWidth": 0,
        "borderLeftWidth": 0,
        "borderRightWidth": 0,
        "borderStyle": "solid",
        "borderTopLeftRadius": 50,
        "borderTopRightRadius": 50,
        "borderTopWidth": 0,
        "fontFamily": "$body",
        "fontSize": 14,
        "height": 41,
        "minWidth": 0,
        "paddingBottom": 10,
        "paddingLeft": 10,
        "paddingRight": 10,
        "paddingTop": 10,
      }
    }
  />
</View>
`;
